Archive member included because of file (symbol)

/home/davidp/dev/gcc/arm-2011.03/bin/../lib/gcc/arm-none-eabi/4.5.2/libgcc.a(_thumb1_case_uqi.o)
                              obj/pio.o (__gnu_thumb1_case_uqi)
/home/davidp/dev/gcc/arm-2011.03/bin/../lib/gcc/arm-none-eabi/4.5.2/libgcc.a(_udivsi3.o)
                              obj/stdio.o (__aeabi_uidiv)
/home/davidp/dev/gcc/arm-2011.03/bin/../lib/gcc/arm-none-eabi/4.5.2/libgcc.a(_dvmd_tls.o)
                              /home/davidp/dev/gcc/arm-2011.03/bin/../lib/gcc/arm-none-eabi/4.5.2/libgcc.a(_udivsi3.o) (__aeabi_idiv0)

Allocating common symbols
Common symbol       size              file

spid                0x10              obj/BootAT45.o
at45                0x28              obj/BootAT45.o

Discarded input sections

 .data          0x00000000        0x0 obj/board_cstartup.o
 .bss           0x00000000        0x0 obj/board_cstartup.o
 .data          0x00000000        0x0 obj/cp15_asm.o
 .bss           0x00000000        0x0 obj/cp15_asm.o
 .text          0x00000000        0x0 obj/main.o
 .data          0x00000000        0x0 obj/main.o
 .bss           0x00000000        0x0 obj/main.o
 .text          0x00000000        0x0 obj/pio.o
 .data          0x00000000        0x0 obj/pio.o
 .bss           0x00000000        0x0 obj/pio.o
 .text.PIO_Set  0x00000000        0x8 obj/pio.o
 .text.PIO_Clear
                0x00000000        0x8 obj/pio.o
 .text.PIO_Get  0x00000000       0x22 obj/pio.o
 .text.PIO_GetOutputDataStatus
                0x00000000        0xe obj/pio.o
 .text.PIO_GetISR
                0x00000000        0x6 obj/pio.o
 .text          0x00000000        0x0 obj/aic.o
 .data          0x00000000        0x0 obj/aic.o
 .bss           0x00000000        0x0 obj/aic.o
 .text.AIC_ConfigureIT
                0x00000000       0x20 obj/aic.o
 .text.AIC_EnableIT
                0x00000000       0x10 obj/aic.o
 .text.AIC_DisableIT
                0x00000000       0x10 obj/aic.o
 .text          0x00000000        0x0 obj/board_memories.o
 .data          0x00000000        0x0 obj/board_memories.o
 .bss           0x00000000        0x0 obj/board_memories.o
 .text.BOARD_RemapRom
                0x00000000        0xc obj/board_memories.o
 .text.BOARD_ConfigureSdram48MHz
                0x00000000       0xe0 obj/board_memories.o
 .text.BOARD_ConfigureNandFlash
                0x00000000       0x50 obj/board_memories.o
 .text.BOARD_ConfigureNandFlash48MHz
                0x00000000       0x50 obj/board_memories.o
 .text.BOARD_ConfigureNorFlash
                0x00000000       0x48 obj/board_memories.o
 .text.BOARD_ConfigureNorFlash48MHz
                0x00000000       0x48 obj/board_memories.o
 .text          0x00000000        0x0 obj/board_lowlevel.o
 .data          0x00000000        0x0 obj/board_lowlevel.o
 .bss           0x00000000        0x0 obj/board_lowlevel.o
 .text          0x00000000        0x0 obj/stdio.o
 .data          0x00000000      0x430 obj/stdio.o
 .bss           0x00000000        0x0 obj/stdio.o
 .text.PutChar  0x00000000        0x6 obj/stdio.o
 .text.PutString
                0x00000000       0x14 obj/stdio.o
 .text.PutUnsignedInt
                0x00000000       0x70 obj/stdio.o
 .text.PutSignedInt
                0x00000000       0x90 obj/stdio.o
 .text.PutHexa  0x00000000       0x68 obj/stdio.o
 .text.vsnprintf
                0x00000000      0x128 obj/stdio.o
 .text.snprintf
                0x00000000       0x1c obj/stdio.o
 .text.vsprintf
                0x00000000       0x14 obj/stdio.o
 .text.vfprintf
                0x00000000       0x50 obj/stdio.o
 .text.vprintf  0x00000000       0x1c obj/stdio.o
 .text.fprintf  0x00000000       0x1c obj/stdio.o
 .text.printf   0x00000000       0x1c obj/stdio.o
 .text.sprintf  0x00000000       0x1c obj/stdio.o
 .text.puts     0x00000000       0x18 obj/stdio.o
 .rodata.str1.1
                0x00000000       0x24 obj/stdio.o
 .text          0x00000000        0x0 obj/string.o
 .data          0x00000000        0x0 obj/string.o
 .bss           0x00000000        0x0 obj/string.o
 .text.memcpy   0x00000000       0x44 obj/string.o
 .text.memset   0x00000000       0x40 obj/string.o
 .text.strchr   0x00000000       0x1a obj/string.o
 .text.strlen   0x00000000       0x12 obj/string.o
 .text.strrchr  0x00000000       0x18 obj/string.o
 .text.strcpy   0x00000000       0x14 obj/string.o
 .text.strncmp  0x00000000       0x22 obj/string.o
 .text.strncpy  0x00000000       0x1c obj/string.o
 .text          0x00000000        0x0 obj/dbgu.o
 .data          0x00000000        0x0 obj/dbgu.o
 .bss           0x00000000        0x0 obj/dbgu.o
 .text.DBGU_Configure
                0x00000000       0x38 obj/dbgu.o
 .text.DBGU_PutChar
                0x00000000       0x1c obj/dbgu.o
 .text.DBGU_IsRxReady
                0x00000000       0x10 obj/dbgu.o
 .text.DBGU_GetChar
                0x00000000       0x18 obj/dbgu.o
 .text.fputc    0x00000000       0x30 obj/dbgu.o
 .text.fputs    0x00000000       0x28 obj/dbgu.o
 .text.putchar  0x00000000       0x18 obj/dbgu.o
 .text          0x00000000        0x0 obj/trace.o
 .data          0x00000000        0x0 obj/trace.o
 .bss           0x00000000        0x0 obj/trace.o
 .text          0x00000000        0x0 obj/util.o
 .data          0x00000000        0x0 obj/util.o
 .bss           0x00000000        0x0 obj/util.o
 .text.PrintChar
                0x00000000       0x28 obj/util.o
 .text.UTIL_DbguDumpMemory
                0x00000000       0xdc obj/util.o
 .text.UTIL_DbguGetInteger
                0x00000000       0x80 obj/util.o
 .text.UTIL_DbguGetIntegerMinMax
                0x00000000       0x4c obj/util.o
 .text.UTIL_DbguGetHexa32
                0x00000000       0x80 obj/util.o
 .rodata.str1.1
                0x00000000       0xb6 obj/util.o
 .text          0x00000000        0x0 obj/BootAT45.o
 .data          0x00000000        0x0 obj/BootAT45.o
 .bss           0x00000000        0x0 obj/BootAT45.o
 .text.BOOT_AT45_EraseBoot
                0x00000000       0x1c obj/BootAT45.o
 .text          0x00000000        0x0 obj/spid.o
 .data          0x00000000        0x0 obj/spid.o
 .bss           0x00000000        0x0 obj/spid.o
 .text          0x00000000        0x0 obj/at45.o
 .data          0x00000000        0x0 obj/at45.o
 .text          0x00000000        0x0 obj/at45d.o
 .data          0x00000000        0x0 obj/at45d.o
 .bss           0x00000000        0x0 obj/at45d.o
 .text.AT45D_WaitReady
                0x00000000       0x20 obj/at45d.o
 .text.AT45D_Write
                0x00000000       0x64 obj/at45d.o
 .text.AT45D_Erase
                0x00000000       0x50 obj/at45d.o
 .text.AT45D_BinaryPage
                0x00000000       0x68 obj/at45d.o
 .rodata        0x00000000        0x3 obj/at45d.o
 .text          0x00000000        0x0 obj/math.o
 .data          0x00000000        0x0 obj/math.o
 .bss           0x00000000        0x0 obj/math.o
 .text.min      0x00000000        0xe obj/math.o
 .text.absv     0x00000000        0x8 obj/math.o
 .text.power    0x00000000       0x12 obj/math.o
 .text          0x00000000        0x0 obj/cp15.o
 .data          0x00000000        0x0 obj/cp15.o
 .bss           0x00000000        0x0 obj/cp15.o
 .text.CP15_Is_I_CacheEnabled
                0x00000000       0x10 obj/cp15.o
 .text.CP15_Disable_I_Cache
                0x00000000       0x20 obj/cp15.o
 .text.CP15_Is_MMUEnabled
                0x00000000       0x10 obj/cp15.o
 .text.CP15_EnableMMU
                0x00000000       0x1c obj/cp15.o
 .text.CP15_DisableMMU
                0x00000000       0x1c obj/cp15.o
 .text.CP15_Is_DCacheEnabled
                0x00000000       0x10 obj/cp15.o
 .text.CP15_Enable_D_Cache
                0x00000000       0x2c obj/cp15.o
 .text.CP15_Disable_D_Cache
                0x00000000       0x1c obj/cp15.o
 .data          0x00000000        0x0 /home/davidp/dev/gcc/arm-2011.03/bin/../lib/gcc/arm-none-eabi/4.5.2/libgcc.a(_thumb1_case_uqi.o)
 .bss           0x00000000        0x0 /home/davidp/dev/gcc/arm-2011.03/bin/../lib/gcc/arm-none-eabi/4.5.2/libgcc.a(_thumb1_case_uqi.o)
 .data          0x00000000        0x0 /home/davidp/dev/gcc/arm-2011.03/bin/../lib/gcc/arm-none-eabi/4.5.2/libgcc.a(_udivsi3.o)
 .bss           0x00000000        0x0 /home/davidp/dev/gcc/arm-2011.03/bin/../lib/gcc/arm-none-eabi/4.5.2/libgcc.a(_udivsi3.o)
 .data          0x00000000        0x0 /home/davidp/dev/gcc/arm-2011.03/bin/../lib/gcc/arm-none-eabi/4.5.2/libgcc.a(_dvmd_tls.o)
 .bss           0x00000000        0x0 /home/davidp/dev/gcc/arm-2011.03/bin/../lib/gcc/arm-none-eabi/4.5.2/libgcc.a(_dvmd_tls.o)

Memory Configuration

Name             Origin             Length             Attributes
sram0            0x00200000         0x00001000         w !xr
sram1            0x00300000         0x00001000         w !xr
sdram            0x20000000         0x00100000         w !xr
*default*        0x00000000         0xffffffff

Linker script and memory map

LOAD obj/board_cstartup.o
LOAD obj/cp15_asm.o
LOAD obj/main.o
LOAD obj/pio.o
LOAD obj/aic.o
LOAD obj/board_memories.o
LOAD obj/board_lowlevel.o
LOAD obj/stdio.o
LOAD obj/string.o
LOAD obj/dbgu.o
LOAD obj/trace.o
LOAD obj/util.o
LOAD obj/BootAT45.o
LOAD obj/spid.o
LOAD obj/at45.o
LOAD obj/at45d.o
LOAD obj/math.o
LOAD obj/cp15.o
START GROUP
LOAD /home/davidp/dev/gcc/arm-2011.03/bin/../lib/gcc/arm-none-eabi/4.5.2/libgcc.a
LOAD /home/davidp/dev/gcc/arm-2011.03/bin/../lib/gcc/arm-none-eabi/4.5.2/../../../../arm-none-eabi/lib/libc.a
END GROUP

.fixed0         0x00200000      0xbf0
                0x00200000                . = ALIGN (0x4)
                0x00200000                _sfixed0 = .
 *(.vectors)
 .vectors       0x00200000       0x6c obj/board_cstartup.o
 *(.ramfunc)
 *(.text*)
 *fill*         0x0020006c        0x4 00
 .text          0x00200070       0xc0 obj/board_cstartup.o
                0x00200070                entry
 .text          0x00200130       0x40 obj/cp15_asm.o
                0x00200130                _readControlRegister
                0x0020013c                _writeControlRegister
                0x00200144                _waitForInterrupt
                0x00200150                _writeTTB
                0x00200158                _writeDomain
                0x00200160                _writeITLBLockdown
                0x00200168                _prefetchICacheLine
 .text.main     0x00200170       0x60 obj/main.o
                0x00200170                main
 .text.PIO_Configure
                0x002001d0       0xb4 obj/pio.o
                0x002001d0                PIO_Configure
 .text.BOARD_RemapRam
                0x00200284        0xc obj/board_memories.o
                0x00200284                BOARD_RemapRam
 .text.BOARD_ConfigureSdram
                0x00200290       0xe0 obj/board_memories.o
                0x00200290                BOARD_ConfigureSdram
 .text.defaultSpuriousHandler
                0x00200370        0x4 obj/board_lowlevel.o
                0x00200370                defaultSpuriousHandler
 .text.defaultFiqHandler
                0x00200374        0x4 obj/board_lowlevel.o
                0x00200374                defaultFiqHandler
 .text.defaultIrqHandler
                0x00200378        0x4 obj/board_lowlevel.o
                0x00200378                defaultIrqHandler
 .text.LowLevelInit
                0x0020037c       0xd8 obj/board_lowlevel.o
                0x0020037c                LowLevelInit
 .text.AT45Init
                0x00200454       0x68 obj/BootAT45.o
 .text.BOOT_AT45_CopyBin
                0x002004bc       0x90 obj/BootAT45.o
                0x002004bc                BOOT_AT45_CopyBin
 .text.SPID_Configure
                0x0020054c       0x44 obj/spid.o
                0x0020054c                SPID_Configure
 .text.SPID_ConfigureCS
                0x00200590        0xa obj/spid.o
                0x00200590                SPID_ConfigureCS
 *fill*         0x0020059a        0x2 00
 .text.SPID_SendCommand
                0x0020059c       0x74 obj/spid.o
                0x0020059c                SPID_SendCommand
 .text.SPID_Handler
                0x00200610       0x4c obj/spid.o
                0x00200610                SPID_Handler
 .text.SPID_IsBusy
                0x0020065c        0x8 obj/spid.o
                0x0020065c                SPID_IsBusy
 .text.AT45_Configure
                0x00200664       0x28 obj/at45.o
                0x00200664                AT45_Configure
 .text.AT45_IsBusy
                0x0020068c       0x10 obj/at45.o
                0x0020068c                AT45_IsBusy
 .text.AT45_SendCommand
                0x0020069c       0xe8 obj/at45.o
                0x0020069c                AT45_SendCommand
 .text.AT45_FindDevice
                0x00200784       0x4c obj/at45.o
                0x00200784                AT45_FindDevice
 .text.AT45_PageSize
                0x002007d0       0x20 obj/at45.o
                0x002007d0                AT45_PageSize
 .text.AT45D_Wait
                0x002007f0       0x24 obj/at45d.o
 .text.AT45D_GetStatus
                0x00200814       0x4c obj/at45d.o
                0x00200814                AT45D_GetStatus
 .text.AT45D_Read
                0x00200860       0x50 obj/at45d.o
                0x00200860                AT45D_Read
 .text.CP15_Enable_I_Cache
                0x002008b0       0x20 obj/cp15.o
                0x002008b0                CP15_Enable_I_Cache
 .text          0x002008d0       0x14 /home/davidp/dev/gcc/arm-2011.03/bin/../lib/gcc/arm-none-eabi/4.5.2/libgcc.a(_thumb1_case_uqi.o)
                0x002008d0                __gnu_thumb1_case_uqi
 .text          0x002008e4      0x114 /home/davidp/dev/gcc/arm-2011.03/bin/../lib/gcc/arm-none-eabi/4.5.2/libgcc.a(_udivsi3.o)
                0x002008e4                __udivsi3
                0x002008e4                __aeabi_uidiv
                0x002009d8                __aeabi_uidivmod
 .text          0x002009f8        0x4 /home/davidp/dev/gcc/arm-2011.03/bin/../lib/gcc/arm-none-eabi/4.5.2/libgcc.a(_dvmd_tls.o)
                0x002009f8                __aeabi_ldiv0
                0x002009f8                __aeabi_idiv0
 *(.rodata*)
 .rodata        0x002009fc       0x44 obj/main.o
                0x00200a2c                tabDesc
 .rodata.str1.1
                0x00200a40        0x7 obj/main.o
                                  0x8 (size before relaxing)
 *fill*         0x00200a47        0x1 00
 .rodata        0x00200a48       0x18 obj/board_memories.o
 .rodata        0x00200a60       0x30 obj/BootAT45.o
 .rodata        0x00200a90       0xf0 obj/at45.o
 .rodata.str1.1
                0x00200b80       0x6e obj/at45.o
 *(.data)
 *(.glue_7)
 .glue_7        0x00000000        0x0 linker stubs
 *(.glue_7t)
 .glue_7t       0x00000000        0x0 linker stubs
                0x00200bf0                . = ALIGN (0x4)
 *fill*         0x00200bee        0x2 00
                0x00200bf0                _efixed0 = .
                0x00200bf0                _efixed = .

.vfp11_veneer   0x00200bf0        0x0
 .vfp11_veneer  0x00000000        0x0 linker stubs

.v4_bx          0x00200bf0        0x0
 .v4_bx         0x00000000        0x0 linker stubs

.fixed1         0x00300000        0x0
                0x00300000                . = ALIGN (0x4)
                0x00300000                _sfixed1 = .
                0x00300000                . = ALIGN (0x4)
                0x00300000                _efixed1 = .

.prerelocate    0x00000000        0x0 load address 0x00200bf0
                0x00000000                . = ALIGN (0x4)
                0x00000000                _sprerelocate = .
                0x00000000                . = ALIGN (0x4)
                0x00000000                _eprerelocate = .

.postrelocate   0x00000000        0x0 load address 0x00200bf0
                0x00000000                . = ALIGN (0x4)
                0x00000000                _spostrelocate = .
                0x00000000                . = ALIGN (0x4)
                0x00000000                _epostrelocate = .

.bss            0x00300000       0x3c
                0x00300000                _szero = .
 *(.bss)
 .bss           0x00300000        0x1 obj/at45.o
                0x00300004                . = ALIGN (0x4)
 *fill*         0x00300001        0x3 00
                0x00300004                _ezero = .
 COMMON         0x00300004       0x38 obj/BootAT45.o
                0x00300004                spid
                0x00300014                at45
                0x00301000                _sstack = 0x301000
                0x0030003c                end = .
OUTPUT(bin/boot-lux-sf9-dataflash2sdram.elf elf32-littlearm)

.ARM.attributes
                0x00000000       0x28
 .ARM.attributes
                0x00000000       0x1c obj/board_cstartup.o
 .ARM.attributes
                0x0000001c       0x1c obj/cp15_asm.o
 .ARM.attributes
                0x00000038       0x2c obj/main.o
 .ARM.attributes
                0x00000064       0x2c obj/pio.o
 .ARM.attributes
                0x00000090       0x2c obj/aic.o
 .ARM.attributes
                0x000000bc       0x2c obj/board_memories.o
 .ARM.attributes
                0x000000e8       0x2c obj/board_lowlevel.o
 .ARM.attributes
                0x00000114       0x2c obj/stdio.o
 .ARM.attributes
                0x00000140       0x2c obj/string.o
 .ARM.attributes
                0x0000016c       0x2c obj/dbgu.o
 .ARM.attributes
                0x00000198       0x2c obj/trace.o
 .ARM.attributes
                0x000001c4       0x2c obj/util.o
 .ARM.attributes
                0x000001f0       0x2c obj/BootAT45.o
 .ARM.attributes
                0x0000021c       0x2c obj/spid.o
 .ARM.attributes
                0x00000248       0x2c obj/at45.o
 .ARM.attributes
                0x00000274       0x2c obj/at45d.o
 .ARM.attributes
                0x000002a0       0x2c obj/math.o
 .ARM.attributes
                0x000002cc       0x2c obj/cp15.o
 .ARM.attributes
                0x000002f8       0x18 /home/davidp/dev/gcc/arm-2011.03/bin/../lib/gcc/arm-none-eabi/4.5.2/libgcc.a(_thumb1_case_uqi.o)
 .ARM.attributes
                0x00000310       0x1a /home/davidp/dev/gcc/arm-2011.03/bin/../lib/gcc/arm-none-eabi/4.5.2/libgcc.a(_udivsi3.o)
 .ARM.attributes
                0x0000032a       0x18 /home/davidp/dev/gcc/arm-2011.03/bin/../lib/gcc/arm-none-eabi/4.5.2/libgcc.a(_dvmd_tls.o)

.comment        0x00000000       0x2a
 .comment       0x00000000       0x2a obj/main.o
                                 0x2b (size before relaxing)
 .comment       0x00000000       0x2b obj/pio.o
 .comment       0x00000000       0x2b obj/aic.o
 .comment       0x00000000       0x2b obj/board_memories.o
 .comment       0x00000000       0x2b obj/board_lowlevel.o
 .comment       0x00000000       0x2b obj/stdio.o
 .comment       0x00000000       0x2b obj/string.o
 .comment       0x00000000       0x2b obj/dbgu.o
 .comment       0x00000000       0x2b obj/trace.o
 .comment       0x00000000       0x2b obj/util.o
 .comment       0x00000000       0x2b obj/BootAT45.o
 .comment       0x00000000       0x2b obj/spid.o
 .comment       0x00000000       0x2b obj/at45.o
 .comment       0x00000000       0x2b obj/at45d.o
 .comment       0x00000000       0x2b obj/math.o
 .comment       0x00000000       0x2b obj/cp15.o

.debug_line     0x00000000     0x169c
 .debug_line    0x00000000       0xa5 obj/board_cstartup.o
 .debug_line    0x000000a5       0x6d obj/cp15_asm.o
 .debug_line    0x00000112       0xc2 obj/main.o
 .debug_line    0x000001d4      0x146 obj/pio.o
 .debug_line    0x0000031a       0xb6 obj/aic.o
 .debug_line    0x000003d0      0x1e5 obj/board_memories.o
 .debug_line    0x000005b5      0x103 obj/board_lowlevel.o
 .debug_line    0x000006b8      0x39b obj/stdio.o
 .debug_line    0x00000a53      0x20d obj/string.o
 .debug_line    0x00000c60      0x27d obj/dbgu.o
 .debug_line    0x00000edd       0x1d obj/trace.o
 .debug_line    0x00000efa      0x149 obj/util.o
 .debug_line    0x00001043      0x12f obj/BootAT45.o
 .debug_line    0x00001172      0x11f obj/spid.o
 .debug_line    0x00001291      0x143 obj/at45.o
 .debug_line    0x000013d4      0x150 obj/at45d.o
 .debug_line    0x00001524       0x79 obj/math.o
 .debug_line    0x0000159d       0xff obj/cp15.o

.debug_info     0x00000000     0x5dde
 .debug_info    0x00000000       0x90 obj/board_cstartup.o
 .debug_info    0x00000090       0x90 obj/cp15_asm.o
 .debug_info    0x00000120      0x55f obj/main.o
 .debug_info    0x0000067f      0x74b obj/pio.o
 .debug_info    0x00000dca      0x271 obj/aic.o
 .debug_info    0x0000103b      0xa83 obj/board_memories.o
 .debug_info    0x00001abe      0x470 obj/board_lowlevel.o
 .debug_info    0x00001f2e      0xedb obj/stdio.o
 .debug_info    0x00002e09      0x36f obj/string.o
 .debug_info    0x00003178      0xc6a obj/dbgu.o
 .debug_info    0x00003de2       0x73 obj/trace.o
 .debug_info    0x00003e55      0x220 obj/util.o
 .debug_info    0x00004075      0x877 obj/BootAT45.o
 .debug_info    0x000048ec      0x5df obj/spid.o
 .debug_info    0x00004ecb      0x603 obj/at45.o
 .debug_info    0x000054ce      0x602 obj/at45d.o
 .debug_info    0x00005ad0      0x11e obj/math.o
 .debug_info    0x00005bee      0x1f0 obj/cp15.o

.debug_abbrev   0x00000000     0x141f
 .debug_abbrev  0x00000000       0x12 obj/board_cstartup.o
 .debug_abbrev  0x00000012       0x14 obj/cp15_asm.o
 .debug_abbrev  0x00000026      0x199 obj/main.o
 .debug_abbrev  0x000001bf      0x1bd obj/pio.o
 .debug_abbrev  0x0000037c       0xd6 obj/aic.o
 .debug_abbrev  0x00000452      0x17b obj/board_memories.o
 .debug_abbrev  0x000005cd       0xb8 obj/board_lowlevel.o
 .debug_abbrev  0x00000685      0x2ac obj/stdio.o
 .debug_abbrev  0x00000931       0xee obj/string.o
 .debug_abbrev  0x00000a1f      0x1fa obj/dbgu.o
 .debug_abbrev  0x00000c19       0x2a obj/trace.o
 .debug_abbrev  0x00000c43       0xdc obj/util.o
 .debug_abbrev  0x00000d1f      0x19b obj/BootAT45.o
 .debug_abbrev  0x00000eba      0x18d obj/spid.o
 .debug_abbrev  0x00001047      0x151 obj/at45.o
 .debug_abbrev  0x00001198      0x165 obj/at45d.o
 .debug_abbrev  0x000012fd       0xa2 obj/math.o
 .debug_abbrev  0x0000139f       0x80 obj/cp15.o

.debug_aranges  0x00000000      0x470
 .debug_aranges
                0x00000000       0x28 obj/board_cstartup.o
 .debug_aranges
                0x00000028       0x20 obj/cp15_asm.o
 .debug_aranges
                0x00000048       0x20 obj/main.o
 .debug_aranges
                0x00000068       0x48 obj/pio.o
 .debug_aranges
                0x000000b0       0x30 obj/aic.o
 .debug_aranges
                0x000000e0       0x58 obj/board_memories.o
 .debug_aranges
                0x00000138       0x38 obj/board_lowlevel.o
 .debug_aranges
                0x00000170       0x88 obj/stdio.o
 .debug_aranges
                0x000001f8       0x58 obj/string.o
 .debug_aranges
                0x00000250       0x50 obj/dbgu.o
 .debug_aranges
                0x000002a0       0x40 obj/util.o
 .debug_aranges
                0x000002e0       0x30 obj/BootAT45.o
 .debug_aranges
                0x00000310       0x40 obj/spid.o
 .debug_aranges
                0x00000350       0x40 obj/at45.o
 .debug_aranges
                0x00000390       0x50 obj/at45d.o
 .debug_aranges
                0x000003e0       0x30 obj/math.o
 .debug_aranges
                0x00000410       0x60 obj/cp15.o

.debug_ranges   0x00000000      0x358
 .debug_ranges  0x00000000       0x20 obj/board_cstartup.o
 .debug_ranges  0x00000020       0x10 obj/main.o
 .debug_ranges  0x00000030       0x38 obj/pio.o
 .debug_ranges  0x00000068       0x20 obj/aic.o
 .debug_ranges  0x00000088       0x48 obj/board_memories.o
 .debug_ranges  0x000000d0       0x28 obj/board_lowlevel.o
 .debug_ranges  0x000000f8       0x78 obj/stdio.o
 .debug_ranges  0x00000170       0x48 obj/string.o
 .debug_ranges  0x000001b8       0x40 obj/dbgu.o
 .debug_ranges  0x000001f8       0x30 obj/util.o
 .debug_ranges  0x00000228       0x20 obj/BootAT45.o
 .debug_ranges  0x00000248       0x30 obj/spid.o
 .debug_ranges  0x00000278       0x30 obj/at45.o
 .debug_ranges  0x000002a8       0x40 obj/at45d.o
 .debug_ranges  0x000002e8       0x20 obj/math.o
 .debug_ranges  0x00000308       0x50 obj/cp15.o

.debug_loc      0x00000000     0x2502
 .debug_loc     0x00000000       0x20 obj/main.o
 .debug_loc     0x00000020      0x1f7 obj/pio.o
 .debug_loc     0x00000217       0x66 obj/aic.o
 .debug_loc     0x0000027d      0x192 obj/board_memories.o
 .debug_loc     0x0000040f       0xf4 obj/board_lowlevel.o
 .debug_loc     0x00000503      0x942 obj/stdio.o
 .debug_loc     0x00000e45      0x4c3 obj/string.o
 .debug_loc     0x00001308      0x1c6 obj/dbgu.o
 .debug_loc     0x000014ce      0x34c obj/util.o
 .debug_loc     0x0000181a      0x1df obj/BootAT45.o
 .debug_loc     0x000019f9      0x190 obj/spid.o
 .debug_loc     0x00001b89      0x299 obj/at45.o
 .debug_loc     0x00001e22      0x39f obj/at45d.o
 .debug_loc     0x000021c1       0xf5 obj/math.o
 .debug_loc     0x000022b6      0x24c obj/cp15.o

.debug_pubnames
                0x00000000      0x73b
 .debug_pubnames
                0x00000000       0x27 obj/main.o
 .debug_pubnames
                0x00000027       0x75 obj/pio.o
 .debug_pubnames
                0x0000009c       0x49 obj/aic.o
 .debug_pubnames
                0x000000e5       0xeb obj/board_memories.o
 .debug_pubnames
                0x000001d0       0x6a obj/board_lowlevel.o
 .debug_pubnames
                0x0000023a       0xdf obj/stdio.o
 .debug_pubnames
                0x00000319       0x6d obj/string.o
 .debug_pubnames
                0x00000386       0x7a obj/dbgu.o
 .debug_pubnames
                0x00000400       0x77 obj/util.o
 .debug_pubnames
                0x00000477       0x52 obj/BootAT45.o
 .debug_pubnames
                0x000004c9       0x70 obj/spid.o
 .debug_pubnames
                0x00000539       0x70 obj/at45.o
 .debug_pubnames
                0x000005a9       0x7e obj/at45d.o
 .debug_pubnames
                0x00000627       0x2d obj/math.o
 .debug_pubnames
                0x00000654       0xe7 obj/cp15.o

.debug_pubtypes
                0x00000000      0x750
 .debug_pubtypes
                0x00000000       0x7b obj/main.o
 .debug_pubtypes
                0x0000007b       0x55 obj/pio.o
 .debug_pubtypes
                0x000000d0       0x30 obj/aic.o
 .debug_pubtypes
                0x00000100       0xcc obj/board_memories.o
 .debug_pubtypes
                0x000001cc       0x8e obj/board_lowlevel.o
 .debug_pubtypes
                0x0000025a      0x11e obj/stdio.o
 .debug_pubtypes
                0x00000378       0x1d obj/string.o
 .debug_pubtypes
                0x00000395      0x106 obj/dbgu.o
 .debug_pubtypes
                0x0000049b       0x12 obj/trace.o
 .debug_pubtypes
                0x000004ad       0x12 obj/util.o
 .debug_pubtypes
                0x000004bf       0xdf obj/BootAT45.o
 .debug_pubtypes
                0x0000059e       0x80 obj/spid.o
 .debug_pubtypes
                0x0000061e       0x87 obj/at45.o
 .debug_pubtypes
                0x000006a5       0x87 obj/at45d.o
 .debug_pubtypes
                0x0000072c       0x12 obj/math.o
 .debug_pubtypes
                0x0000073e       0x12 obj/cp15.o

.debug_str      0x00000000     0x1734
 .debug_str     0x00000000      0x2a7 obj/main.o
                                0x2fc (size before relaxing)
 .debug_str     0x000002a7      0x187 obj/pio.o
                                0x359 (size before relaxing)
 .debug_str     0x0000042e      0x110 obj/aic.o
                                0x17d (size before relaxing)
 .debug_str     0x0000053e      0x4af obj/board_memories.o
                                0x695 (size before relaxing)
 .debug_str     0x000009ed       0xf3 obj/board_lowlevel.o
                                0x2ca (size before relaxing)
 .debug_str     0x00000ae0      0x487 obj/stdio.o
                                0x5b5 (size before relaxing)
 .debug_str     0x00000f67       0xdf obj/string.o
                                0x1de (size before relaxing)
 .debug_str     0x00001046      0x15e obj/dbgu.o
                                0x619 (size before relaxing)
 .debug_str     0x000011a4       0x1b obj/trace.o
                                 0xf0 (size before relaxing)
 .debug_str     0x000011bf       0x98 obj/util.o
                                0x180 (size before relaxing)
 .debug_str     0x00001257      0x206 obj/BootAT45.o
                                0x493 (size before relaxing)
 .debug_str     0x0000145d       0x8d obj/spid.o
                                0x301 (size before relaxing)
 .debug_str     0x000014ea       0xb1 obj/at45.o
                                0x343 (size before relaxing)
 .debug_str     0x0000159b       0x98 obj/at45d.o
                                0x33c (size before relaxing)
 .debug_str     0x00001633       0x25 obj/math.o
                                0x107 (size before relaxing)
 .debug_str     0x00001658       0xdc obj/cp15.o
                                0x1b1 (size before relaxing)

.debug_frame    0x00000000      0x9b8
 .debug_frame   0x00000000       0x2c obj/main.o
 .debug_frame   0x0000002c       0x88 obj/pio.o
 .debug_frame   0x000000b4       0x4c obj/aic.o
 .debug_frame   0x00000100       0xc8 obj/board_memories.o
 .debug_frame   0x000001c8       0x70 obj/board_lowlevel.o
 .debug_frame   0x00000238      0x1a0 obj/stdio.o
 .debug_frame   0x000003d8       0xd8 obj/string.o
 .debug_frame   0x000004b0       0xb8 obj/dbgu.o
 .debug_frame   0x00000568       0xac obj/util.o
 .debug_frame   0x00000614       0x64 obj/BootAT45.o
 .debug_frame   0x00000678       0x88 obj/spid.o
 .debug_frame   0x00000700       0x94 obj/at45.o
 .debug_frame   0x00000794       0xcc obj/at45d.o
 .debug_frame   0x00000860       0x50 obj/math.o
 .debug_frame   0x000008b0       0xe8 obj/cp15.o
 .debug_frame   0x00000998       0x20 /home/davidp/dev/gcc/arm-2011.03/bin/../lib/gcc/arm-none-eabi/4.5.2/libgcc.a(_udivsi3.o)

Cross Reference Table

Symbol                                            File
AIC_ConfigureIT                                   obj/aic.o
AIC_DisableIT                                     obj/aic.o
AIC_EnableIT                                      obj/aic.o
AT45D_BinaryPage                                  obj/at45d.o
AT45D_Erase                                       obj/at45d.o
                                                  obj/BootAT45.o
AT45D_GetStatus                                   obj/at45d.o
                                                  obj/BootAT45.o
AT45D_Read                                        obj/at45d.o
                                                  obj/BootAT45.o
AT45D_WaitReady                                   obj/at45d.o
AT45D_Write                                       obj/at45d.o
AT45_Configure                                    obj/at45.o
                                                  obj/BootAT45.o
AT45_FindDevice                                   obj/at45.o
                                                  obj/BootAT45.o
AT45_IsBusy                                       obj/at45.o
                                                  obj/at45d.o
AT45_PageSize                                     obj/at45.o
                                                  obj/BootAT45.o
AT45_SendCommand                                  obj/at45.o
                                                  obj/at45d.o
BOARD_ConfigureNandFlash                          obj/board_memories.o
BOARD_ConfigureNandFlash48MHz                     obj/board_memories.o
BOARD_ConfigureNorFlash                           obj/board_memories.o
BOARD_ConfigureNorFlash48MHz                      obj/board_memories.o
BOARD_ConfigureSdram                              obj/board_memories.o
                                                  obj/main.o
BOARD_ConfigureSdram48MHz                         obj/board_memories.o
BOARD_RemapRam                                    obj/board_memories.o
                                                  obj/board_lowlevel.o
BOARD_RemapRom                                    obj/board_memories.o
BOOT_AT45_CopyBin                                 obj/BootAT45.o
                                                  obj/main.o
BOOT_AT45_EraseBoot                               obj/BootAT45.o
CP15_DisableMMU                                   obj/cp15.o
CP15_Disable_D_Cache                              obj/cp15.o
CP15_Disable_I_Cache                              obj/cp15.o
CP15_EnableMMU                                    obj/cp15.o
CP15_Enable_D_Cache                               obj/cp15.o
CP15_Enable_I_Cache                               obj/cp15.o
                                                  obj/main.o
CP15_Is_DCacheEnabled                             obj/cp15.o
CP15_Is_I_CacheEnabled                            obj/cp15.o
CP15_Is_MMUEnabled                                obj/cp15.o
DBGU_Configure                                    obj/dbgu.o
DBGU_GetChar                                      obj/dbgu.o
                                                  obj/util.o
DBGU_IsRxReady                                    obj/dbgu.o
DBGU_PutChar                                      obj/dbgu.o
                                                  obj/util.o
LowLevelInit                                      obj/board_lowlevel.o
                                                  obj/board_cstartup.o
PIO_Clear                                         obj/pio.o
PIO_Configure                                     obj/pio.o
                                                  obj/BootAT45.o
                                                  obj/board_memories.o
                                                  obj/main.o
PIO_Get                                           obj/pio.o
PIO_GetISR                                        obj/pio.o
PIO_GetOutputDataStatus                           obj/pio.o
PIO_Set                                           obj/pio.o
PutChar                                           obj/stdio.o
PutHexa                                           obj/stdio.o
PutSignedInt                                      obj/stdio.o
PutString                                         obj/stdio.o
PutUnsignedInt                                    obj/stdio.o
SPID_Configure                                    obj/spid.o
                                                  obj/BootAT45.o
SPID_ConfigureCS                                  obj/spid.o
                                                  obj/BootAT45.o
SPID_Handler                                      obj/spid.o
                                                  obj/at45d.o
SPID_IsBusy                                       obj/spid.o
                                                  obj/at45.o
SPID_SendCommand                                  obj/spid.o
                                                  obj/at45.o
UTIL_DbguDumpMemory                               obj/util.o
UTIL_DbguGetHexa32                                obj/util.o
UTIL_DbguGetInteger                               obj/util.o
UTIL_DbguGetIntegerMinMax                         obj/util.o
__aeabi_idiv0                                     /home/davidp/dev/gcc/arm-2011.03/bin/../lib/gcc/arm-none-eabi/4.5.2/libgcc.a(_dvmd_tls.o)
                                                  /home/davidp/dev/gcc/arm-2011.03/bin/../lib/gcc/arm-none-eabi/4.5.2/libgcc.a(_udivsi3.o)
__aeabi_ldiv0                                     /home/davidp/dev/gcc/arm-2011.03/bin/../lib/gcc/arm-none-eabi/4.5.2/libgcc.a(_dvmd_tls.o)
__aeabi_uidiv                                     /home/davidp/dev/gcc/arm-2011.03/bin/../lib/gcc/arm-none-eabi/4.5.2/libgcc.a(_udivsi3.o)
                                                  obj/at45.o
                                                  obj/dbgu.o
                                                  obj/stdio.o
__aeabi_uidivmod                                  /home/davidp/dev/gcc/arm-2011.03/bin/../lib/gcc/arm-none-eabi/4.5.2/libgcc.a(_udivsi3.o)
                                                  obj/at45.o
                                                  obj/stdio.o
__gnu_thumb1_case_uqi                             /home/davidp/dev/gcc/arm-2011.03/bin/../lib/gcc/arm-none-eabi/4.5.2/libgcc.a(_thumb1_case_uqi.o)
                                                  obj/pio.o
__udivsi3                                         /home/davidp/dev/gcc/arm-2011.03/bin/../lib/gcc/arm-none-eabi/4.5.2/libgcc.a(_udivsi3.o)
_efixed                                           obj/board_cstartup.o
_epostrelocate                                    obj/board_cstartup.o
_eprerelocate                                     obj/board_cstartup.o
_ezero                                            obj/board_cstartup.o
_impure_ptr                                       obj/stdio.o
                                                  obj/dbgu.o
_prefetchICacheLine                               obj/cp15_asm.o
_readControlRegister                              obj/cp15_asm.o
                                                  obj/cp15.o
_spostrelocate                                    obj/board_cstartup.o
_sprerelocate                                     obj/board_cstartup.o
_sstack                                           obj/board_cstartup.o
_szero                                            obj/board_cstartup.o
_waitForInterrupt                                 obj/cp15_asm.o
_writeControlRegister                             obj/cp15_asm.o
                                                  obj/cp15.o
_writeDomain                                      obj/cp15_asm.o
_writeITLBLockdown                                obj/cp15_asm.o
_writeTTB                                         obj/cp15_asm.o
absv                                              obj/math.o
at45                                              obj/BootAT45.o
defaultFiqHandler                                 obj/board_lowlevel.o
defaultIrqHandler                                 obj/board_lowlevel.o
defaultSpuriousHandler                            obj/board_lowlevel.o
entry                                             obj/board_cstartup.o
fprintf                                           obj/stdio.o
fputc                                             obj/dbgu.o
fputs                                             obj/dbgu.o
                                                  obj/stdio.o
main                                              obj/main.o
                                                  obj/board_cstartup.o
memcpy                                            obj/string.o
                                                  obj/at45d.o
                                                  obj/stdio.o
memset                                            obj/string.o
min                                               obj/math.o
power                                             obj/math.o
printf                                            obj/stdio.o
                                                  obj/util.o
putchar                                           obj/dbgu.o
                                                  obj/util.o
puts                                              obj/stdio.o
r                                                 obj/stdio.o
snprintf                                          obj/stdio.o
spid                                              obj/BootAT45.o
sprintf                                           obj/stdio.o
strchr                                            obj/string.o
strcpy                                            obj/string.o
strlen                                            obj/string.o
strncmp                                           obj/string.o
strncpy                                           obj/string.o
strrchr                                           obj/string.o
tabDesc                                           obj/main.o
vfprintf                                          obj/stdio.o
vprintf                                           obj/stdio.o
vsnprintf                                         obj/stdio.o
vsprintf                                          obj/stdio.o
