Archive member included because of file (symbol)

/home/davidp/tools/arm-2011.03/bin/../lib/gcc/arm-none-eabi/4.5.2/libgcc.a(_thumb1_case_uqi.o)
                              obj/pio.o (__gnu_thumb1_case_uqi)
/home/davidp/tools/arm-2011.03/bin/../lib/gcc/arm-none-eabi/4.5.2/libgcc.a(_udivsi3.o)
                              obj/stdio.o (__aeabi_uidiv)
/home/davidp/tools/arm-2011.03/bin/../lib/gcc/arm-none-eabi/4.5.2/libgcc.a(_dvmd_tls.o)
                              /home/davidp/tools/arm-2011.03/bin/../lib/gcc/arm-none-eabi/4.5.2/libgcc.a(_udivsi3.o) (__aeabi_idiv0)

Allocating common symbols
Common symbol       size              file

spid                0x10              obj/BootAT45.o
at45                0x28              obj/BootAT45.o

Discarded input sections

 .data          0x00000000        0x0 obj/board_cstartup.o
 .bss           0x00000000        0x0 obj/board_cstartup.o
 .text          0x00000000        0x0 obj/cp15_asm_gcc.o
 .data          0x00000000        0x0 obj/cp15_asm_gcc.o
 .bss           0x00000000        0x0 obj/cp15_asm_gcc.o
 .CP15_TestCleanInvalidateDcache
                0x00000000        0xc obj/cp15_asm_gcc.o
 .text          0x00000000        0x0 obj/main.o
 .data          0x00000000        0x0 obj/main.o
 .bss           0x00000000        0x0 obj/main.o
 .text          0x00000000        0x0 obj/pio.o
 .data          0x00000000        0x0 obj/pio.o
 .bss           0x00000000        0x0 obj/pio.o
 .text.PIO_Set  0x00000000        0x8 obj/pio.o
 .text.PIO_Clear
                0x00000000        0x8 obj/pio.o
 .text.PIO_Get  0x00000000       0x22 obj/pio.o
 .text.PIO_GetOutputDataStatus
                0x00000000        0xe obj/pio.o
 .text          0x00000000        0x0 obj/aic.o
 .data          0x00000000        0x0 obj/aic.o
 .bss           0x00000000        0x0 obj/aic.o
 .text.IRQ_ConfigureIT
                0x00000000       0x20 obj/aic.o
 .text.IRQ_EnableIT
                0x00000000       0x10 obj/aic.o
 .text.IRQ_DisableIT
                0x00000000       0x10 obj/aic.o
 .text          0x00000000        0x0 obj/board_memories.o
 .data          0x00000000        0x0 obj/board_memories.o
 .bss           0x00000000        0x0 obj/board_memories.o
 .text.BOARD_RemapRom
                0x00000000        0xc obj/board_memories.o
 .text.BOARD_ConfigureSdram48MHz
                0x00000000       0xe0 obj/board_memories.o
 .text.BOARD_ConfigureNandFlash
                0x00000000       0x50 obj/board_memories.o
 .text.BOARD_ConfigureNandFlash48MHz
                0x00000000       0x50 obj/board_memories.o
 .text.BOARD_ConfigureNorFlash
                0x00000000       0x48 obj/board_memories.o
 .text.BOARD_ConfigureNorFlash48MHz
                0x00000000       0x48 obj/board_memories.o
 .text          0x00000000        0x0 obj/board_lowlevel.o
 .data          0x00000000        0x0 obj/board_lowlevel.o
 .bss           0x00000000        0x0 obj/board_lowlevel.o
 .text          0x00000000        0x0 obj/stdio.o
 .bss           0x00000000        0x0 obj/stdio.o
 .text.snprintf
                0x00000000       0x1c obj/stdio.o
 .text.fprintf  0x00000000       0x1c obj/stdio.o
 .text.sprintf  0x00000000       0x1c obj/stdio.o
 .text.puts     0x00000000       0x18 obj/stdio.o
 .text          0x00000000        0x0 obj/string.o
 .data          0x00000000        0x0 obj/string.o
 .bss           0x00000000        0x0 obj/string.o
 .text.memset   0x00000000       0x40 obj/string.o
 .text.strchr   0x00000000       0x1a obj/string.o
 .text.strlen   0x00000000       0x12 obj/string.o
 .text.strrchr  0x00000000       0x18 obj/string.o
 .text.strcpy   0x00000000       0x14 obj/string.o
 .text.strncmp  0x00000000       0x22 obj/string.o
 .text.strncpy  0x00000000       0x1c obj/string.o
 .text          0x00000000        0x0 obj/dbgu.o
 .data          0x00000000        0x0 obj/dbgu.o
 .bss           0x00000000        0x0 obj/dbgu.o
 .text.DBGU_IsRxReady
                0x00000000       0x10 obj/dbgu.o
 .text.DBGU_GetChar
                0x00000000       0x18 obj/dbgu.o
 .text          0x00000000        0x0 obj/trace.o
 .data          0x00000000        0x0 obj/trace.o
 .bss           0x00000000        0x0 obj/trace.o
 .text.PrintChar
                0x00000000       0x28 obj/trace.o
 .text.putchar  0x00000000       0x18 obj/trace.o
 .text.TRACE_DumpFrame
                0x00000000       0x2c obj/trace.o
 .text.TRACE_DumpMemory
                0x00000000       0xf0 obj/trace.o
 .text.TRACE_GetInteger
                0x00000000       0x80 obj/trace.o
 .text.TRACE_GetIntegerMinMax
                0x00000000       0x4c obj/trace.o
 .text.TRACE_GetHexa32
                0x00000000       0x80 obj/trace.o
 .rodata.str1.1
                0x00000000       0xcc obj/trace.o
 .text          0x00000000        0x0 obj/BootAT45.o
 .data          0x00000000        0x0 obj/BootAT45.o
 .bss           0x00000000        0x0 obj/BootAT45.o
 .text.BOOT_AT45_EraseBoot
                0x00000000       0x1c obj/BootAT45.o
 .text          0x00000000        0x0 obj/spid.o
 .data          0x00000000        0x0 obj/spid.o
 .bss           0x00000000        0x0 obj/spid.o
 .text          0x00000000        0x0 obj/at45.o
 .data          0x00000000        0x0 obj/at45.o
 .text          0x00000000        0x0 obj/at45d.o
 .data          0x00000000        0x0 obj/at45d.o
 .bss           0x00000000        0x0 obj/at45d.o
 .text.AT45D_WaitReady
                0x00000000       0x3c obj/at45d.o
 .text.AT45D_Write
                0x00000000       0xac obj/at45d.o
 .text.AT45D_Erase
                0x00000000       0x7c obj/at45d.o
 .text.AT45D_BinaryPage
                0x00000000       0x94 obj/at45d.o
 .rodata        0x00000000        0x3 obj/at45d.o
 .text          0x00000000        0x0 obj/math.o
 .data          0x00000000        0x0 obj/math.o
 .bss           0x00000000        0x0 obj/math.o
 .text.min      0x00000000        0xe obj/math.o
 .text.absv     0x00000000        0x8 obj/math.o
 .text.power    0x00000000       0x12 obj/math.o
 .text          0x00000000        0x0 obj/cp15.o
 .data          0x00000000        0x0 obj/cp15.o
 .bss           0x00000000        0x0 obj/cp15.o
 .text.CP15_IsIcacheEnabled
                0x00000000       0x10 obj/cp15.o
 .text.CP15_DisableIcache
                0x00000000       0x20 obj/cp15.o
 .text.CP15_IsMMUEnabled
                0x00000000       0x10 obj/cp15.o
 .text.CP15_EnableMMU
                0x00000000       0x1c obj/cp15.o
 .text.CP15_DisableMMU
                0x00000000       0x1c obj/cp15.o
 .text.CP15_IsDcacheEnabled
                0x00000000       0x10 obj/cp15.o
 .text.CP15_EnableDcache
                0x00000000       0x2c obj/cp15.o
 .text.CP15_DisableDcache
                0x00000000       0x1c obj/cp15.o
 .text.CP15_LockIcache
                0x00000000       0x24 obj/cp15.o
 .text.CP15_LockDcache
                0x00000000       0x24 obj/cp15.o
 .text.CP15_ShutdownDcache
                0x00000000       0x24 obj/cp15.o
 .data          0x00000000        0x0 /home/davidp/tools/arm-2011.03/bin/../lib/gcc/arm-none-eabi/4.5.2/libgcc.a(_thumb1_case_uqi.o)
 .bss           0x00000000        0x0 /home/davidp/tools/arm-2011.03/bin/../lib/gcc/arm-none-eabi/4.5.2/libgcc.a(_thumb1_case_uqi.o)
 .data          0x00000000        0x0 /home/davidp/tools/arm-2011.03/bin/../lib/gcc/arm-none-eabi/4.5.2/libgcc.a(_udivsi3.o)
 .bss           0x00000000        0x0 /home/davidp/tools/arm-2011.03/bin/../lib/gcc/arm-none-eabi/4.5.2/libgcc.a(_udivsi3.o)
 .data          0x00000000        0x0 /home/davidp/tools/arm-2011.03/bin/../lib/gcc/arm-none-eabi/4.5.2/libgcc.a(_dvmd_tls.o)
 .bss           0x00000000        0x0 /home/davidp/tools/arm-2011.03/bin/../lib/gcc/arm-none-eabi/4.5.2/libgcc.a(_dvmd_tls.o)

Memory Configuration

Name             Origin             Length             Attributes
sram0            0x00200000         0x00004000         w !xr
sram1            0x00300000         0x00004000         w !xr
sdram            0x20000000         0x04000000         w !xr
*default*        0x00000000         0xffffffff

Linker script and memory map

LOAD obj/board_cstartup.o
LOAD obj/cp15_asm_gcc.o
LOAD obj/main.o
LOAD obj/pio.o
LOAD obj/aic.o
LOAD obj/board_memories.o
LOAD obj/board_lowlevel.o
LOAD obj/stdio.o
LOAD obj/string.o
LOAD obj/dbgu.o
LOAD obj/trace.o
LOAD obj/BootAT45.o
LOAD obj/spid.o
LOAD obj/at45.o
LOAD obj/at45d.o
LOAD obj/math.o
LOAD obj/cp15.o
START GROUP
LOAD /home/davidp/tools/arm-2011.03/bin/../lib/gcc/arm-none-eabi/4.5.2/libgcc.a
LOAD /home/davidp/tools/arm-2011.03/bin/../lib/gcc/arm-none-eabi/4.5.2/../../../../arm-none-eabi/lib/libc.a
END GROUP

.fixed0         0x00200000     0x1934
                0x00200000                . = ALIGN (0x4)
                0x00200000                _sfixed0 = .
 *(.vectors)
 .vectors       0x00200000       0x6c obj/board_cstartup.o
 *(.ramfunc)
 *(.text*)
 *fill*         0x0020006c        0x4 00
 .text          0x00200070       0xc0 obj/board_cstartup.o
                0x00200070                entry
 .text.main     0x00200130       0x74 obj/main.o
                0x00200130                main
 .text.PIO_Configure
                0x002001a4       0xb4 obj/pio.o
                0x002001a4                PIO_Configure
 .text.BOARD_RemapRam
                0x00200258        0xc obj/board_memories.o
                0x00200258                BOARD_RemapRam
 .text.BOARD_ConfigureSdram
                0x00200264       0xe0 obj/board_memories.o
                0x00200264                BOARD_ConfigureSdram
 .text.defaultSpuriousHandler
                0x00200344        0x4 obj/board_lowlevel.o
                0x00200344                defaultSpuriousHandler
 .text.defaultFiqHandler
                0x00200348        0x4 obj/board_lowlevel.o
                0x00200348                defaultFiqHandler
 .text.defaultIrqHandler
                0x0020034c        0x4 obj/board_lowlevel.o
                0x0020034c                defaultIrqHandler
 .text.LowLevelInit
                0x00200350       0xd8 obj/board_lowlevel.o
                0x00200350                LowLevelInit
 .text.PutChar  0x00200428        0x6 obj/stdio.o
                0x00200428                PutChar
 .text.PutString
                0x0020042e       0x14 obj/stdio.o
                0x0020042e                PutString
 *fill*         0x00200442        0x2 00
 .text.PutUnsignedInt
                0x00200444       0x70 obj/stdio.o
                0x00200444                PutUnsignedInt
 .text.PutSignedInt
                0x002004b4       0x90 obj/stdio.o
                0x002004b4                PutSignedInt
 .text.PutHexa  0x00200544       0x68 obj/stdio.o
                0x00200544                PutHexa
 .text.vsnprintf
                0x002005ac      0x128 obj/stdio.o
                0x002005ac                vsnprintf
 .text.vsprintf
                0x002006d4       0x14 obj/stdio.o
                0x002006d4                vsprintf
 .text.vfprintf
                0x002006e8       0x50 obj/stdio.o
                0x002006e8                vfprintf
 .text.vprintf  0x00200738       0x1c obj/stdio.o
                0x00200738                vprintf
 .text.printf   0x00200754       0x1c obj/stdio.o
                0x00200754                printf
 .text.memcpy   0x00200770       0x44 obj/string.o
                0x00200770                memcpy
 .text.DBGU_Configure
                0x002007b4       0x38 obj/dbgu.o
                0x002007b4                DBGU_Configure
 .text.DBGU_PutChar
                0x002007ec       0x1c obj/dbgu.o
                0x002007ec                DBGU_PutChar
 .text.fputc    0x00200808       0x30 obj/trace.o
                0x00200808                fputc
 .text.fputs    0x00200838       0x28 obj/trace.o
                0x00200838                fputs
 .text.AT45Init
                0x00200860       0x68 obj/BootAT45.o
 .text.BOOT_AT45_CopyBin
                0x002008c8       0x90 obj/BootAT45.o
                0x002008c8                BOOT_AT45_CopyBin
 .text.SPID_Configure
                0x00200958       0x44 obj/spid.o
                0x00200958                SPID_Configure
 .text.SPID_ConfigureCS
                0x0020099c        0xa obj/spid.o
                0x0020099c                SPID_ConfigureCS
 *fill*         0x002009a6        0x2 00
 .text.SPID_SendCommand
                0x002009a8       0x74 obj/spid.o
                0x002009a8                SPID_SendCommand
 .text.SPID_Handler
                0x00200a1c       0x4c obj/spid.o
                0x00200a1c                SPID_Handler
 .text.SPID_IsBusy
                0x00200a68        0x8 obj/spid.o
                0x00200a68                SPID_IsBusy
 .text.AT45_Configure
                0x00200a70       0x4c obj/at45.o
                0x00200a70                AT45_Configure
 .text.AT45_IsBusy
                0x00200abc       0x10 obj/at45.o
                0x00200abc                AT45_IsBusy
 .text.AT45_SendCommand
                0x00200acc      0x10c obj/at45.o
                0x00200acc                AT45_SendCommand
 .text.AT45_FindDevice
                0x00200bd8       0x4c obj/at45.o
                0x00200bd8                AT45_FindDevice
 .text.AT45_PageSize
                0x00200c24       0x20 obj/at45.o
                0x00200c24                AT45_PageSize
 .text.AT45D_Wait
                0x00200c44       0x40 obj/at45d.o
 .text.AT45D_GetStatus
                0x00200c84       0x78 obj/at45d.o
                0x00200c84                AT45D_GetStatus
 .text.AT45D_Read
                0x00200cfc       0x88 obj/at45d.o
                0x00200cfc                AT45D_Read
 .text.CP15_EnableIcache
                0x00200d84       0x20 obj/cp15.o
                0x00200d84                CP15_EnableIcache
 .text          0x00200da4       0x14 /home/davidp/tools/arm-2011.03/bin/../lib/gcc/arm-none-eabi/4.5.2/libgcc.a(_thumb1_case_uqi.o)
                0x00200da4                __gnu_thumb1_case_uqi
 .text          0x00200db8      0x114 /home/davidp/tools/arm-2011.03/bin/../lib/gcc/arm-none-eabi/4.5.2/libgcc.a(_udivsi3.o)
                0x00200db8                __udivsi3
                0x00200db8                __aeabi_uidiv
                0x00200eac                __aeabi_uidivmod
 .text          0x00200ecc        0x4 /home/davidp/tools/arm-2011.03/bin/../lib/gcc/arm-none-eabi/4.5.2/libgcc.a(_dvmd_tls.o)
                0x00200ecc                __aeabi_ldiv0
                0x00200ecc                __aeabi_idiv0
 *(.rodata*)
 .rodata        0x00200ed0       0x20 obj/main.o
                0x00200edc                tabDesc
 .rodata.str1.1
                0x00200ef0        0x7 obj/main.o
                                  0x8 (size before relaxing)
 *fill*         0x00200ef7        0x1 00
 .rodata        0x00200ef8       0x18 obj/board_memories.o
 .rodata.str1.1
                0x00200f10       0x24 obj/stdio.o
 .rodata        0x00200f34       0x30 obj/BootAT45.o
 .rodata        0x00200f64       0xf0 obj/at45.o
 .rodata.str1.1
                0x00201054      0x12f obj/at45.o
 .rodata.str1.1
                0x00201183       0xf3 obj/at45d.o
                                0x100 (size before relaxing)
 *(.data)
 *fill*         0x00201276        0x2 00
 .data          0x00201278      0x430 obj/stdio.o
                0x00201278                _impure_ptr
                0x00201280                r
 *(.glue_7)
 .glue_7        0x00000000        0x0 linker stubs
 *(.glue_7t)
 .glue_7t       0x00000000        0x0 linker stubs
 *(.CP15_*)
 .CP15_ReadID   0x002016a8        0xc obj/cp15_asm_gcc.o
                0x002016a8                CP15_ReadID
 .CP15_ReaDcacheType
                0x002016b4        0xc obj/cp15_asm_gcc.o
                0x002016b4                CP15_ReaDcacheType
 .CP15_ReadTCMStatus
                0x002016c0        0xc obj/cp15_asm_gcc.o
                0x002016c0                CP15_ReadTCMStatus
 .CP15_ReadControl
                0x002016cc        0xc obj/cp15_asm_gcc.o
                0x002016cc                CP15_ReadControl
 .CP15_WriteControl
                0x002016d8       0x28 obj/cp15_asm_gcc.o
                0x002016d8                CP15_WriteControl
 .CP15_ReadTTB  0x00201700        0xc obj/cp15_asm_gcc.o
                0x00201700                CP15_ReadTTB
 .CP15_WriteTTB
                0x0020170c       0x28 obj/cp15_asm_gcc.o
                0x0020170c                CP15_WriteTTB
 .CP15_ReadDomainAccessControl
                0x00201734        0xc obj/cp15_asm_gcc.o
                0x00201734                CP15_ReadDomainAccessControl
 .CP15_WriteDomainAccessControl
                0x00201740       0x28 obj/cp15_asm_gcc.o
                0x00201740                CP15_WriteDomainAccessControl
 .CP15_ReadDFSR
                0x00201768        0xc obj/cp15_asm_gcc.o
                0x00201768                CP15_ReadDFSR
 .CP15_writeDFSR
                0x00201774        0x8 obj/cp15_asm_gcc.o
                0x00201774                CP15_writeDFSR
 .CP15_ReadIFSR
                0x0020177c        0xc obj/cp15_asm_gcc.o
                0x0020177c                CP15_ReadIFSR
 .CP15_WriteIFSR
                0x00201788        0x8 obj/cp15_asm_gcc.o
                0x00201788                CP15_WriteIFSR
 .CP15_ReadFAR  0x00201790        0xc obj/cp15_asm_gcc.o
                0x00201790                CP15_ReadFAR
 .CP15_writeFAR
                0x0020179c        0x8 obj/cp15_asm_gcc.o
                0x0020179c                CP15_writeFAR
 .CP15_InvalidateIDcache
                0x002017a4       0x2c obj/cp15_asm_gcc.o
                0x002017a4                CP15_InvalidateIDcache
 .CP15_InvalidateIcache
                0x002017d0       0x2c obj/cp15_asm_gcc.o
                0x002017d0                CP15_InvalidateIcache
 .CP15_InvalidateDcache
                0x002017fc       0x2c obj/cp15_asm_gcc.o
                0x002017fc                CP15_InvalidateDcache
 .CP15_PrefetchIcacheLine
                0x00201828        0x8 obj/cp15_asm_gcc.o
                0x00201828                CP15_PrefetchIcacheLine
 .CP15_DrainWriteBuffer
                0x00201830        0xc obj/cp15_asm_gcc.o
                0x00201830                CP15_DrainWriteBuffer
 .CP15_WaitForInterrupt
                0x0020183c        0xc obj/cp15_asm_gcc.o
                0x0020183c                CP15_WaitForInterrupt
 .CP15_InvalidateTLB
                0x00201848        0xc obj/cp15_asm_gcc.o
                0x00201848                CP15_InvalidateTLB
 .CP15_InvalidateTLBMVA
                0x00201854        0x8 obj/cp15_asm_gcc.o
                0x00201854                CP15_InvalidateTLBMVA
 .CP15_InvalidateITLB
                0x0020185c        0xc obj/cp15_asm_gcc.o
                0x0020185c                CP15_InvalidateITLB
 .CP15_InvalidateITLBMVA
                0x00201868        0x8 obj/cp15_asm_gcc.o
                0x00201868                CP15_InvalidateITLBMVA
 .CP15_InvalidateDTLB
                0x00201870        0xc obj/cp15_asm_gcc.o
                0x00201870                CP15_InvalidateDTLB
 .CP15_InvalidateDTLBMVA
                0x0020187c        0x8 obj/cp15_asm_gcc.o
                0x0020187c                CP15_InvalidateDTLBMVA
 .CP15_ReadDcacheLockdown
                0x00201884        0xc obj/cp15_asm_gcc.o
                0x00201884                CP15_ReadDcacheLockdown
 .CP15_WriteDcacheLockdown
                0x00201890       0x28 obj/cp15_asm_gcc.o
                0x00201890                CP15_WriteDcacheLockdown
 .CP15_ReadIcacheLockdown
                0x002018b8        0xc obj/cp15_asm_gcc.o
                0x002018b8                CP15_ReadIcacheLockdown
 .CP15_WriteIcacheLockdown
                0x002018c4       0x28 obj/cp15_asm_gcc.o
                0x002018c4                CP15_WriteIcacheLockdown
 .CP15_ReadTLBLockdown
                0x002018ec        0xc obj/cp15_asm_gcc.o
                0x002018ec                CP15_ReadTLBLockdown
 .CP15_WriteTLBLockdown
                0x002018f8       0x28 obj/cp15_asm_gcc.o
                0x002018f8                CP15_WriteTLBLockdown
 .CP15_ReadFCSE_PID
                0x00201920        0xc obj/cp15_asm_gcc.o
                0x00201920                CP15_ReadFCSE_PID
 .CP15_WriteFCSE_PID
                0x0020192c        0x8 obj/cp15_asm_gcc.o
                0x0020192c                CP15_WriteFCSE_PID
                0x00201934                . = ALIGN (0x4)
                0x00201934                _efixed0 = .
                0x00201934                _efixed = .

.vfp11_veneer   0x00201934        0x0
 .vfp11_veneer  0x00000000        0x0 linker stubs

.v4_bx          0x00201934        0x0
 .v4_bx         0x00000000        0x0 linker stubs

.fixed1         0x00300000        0x0
                0x00300000                . = ALIGN (0x4)
                0x00300000                _sfixed1 = .
                0x00300000                . = ALIGN (0x4)
                0x00300000                _efixed1 = .

.prerelocate    0x00000000        0x0 load address 0x00201934
                0x00000000                . = ALIGN (0x4)
                0x00000000                _sprerelocate = .
                0x00000000                . = ALIGN (0x4)
                0x00000000                _eprerelocate = .

.postrelocate   0x00000000        0x0 load address 0x00201934
                0x00000000                . = ALIGN (0x4)
                0x00000000                _spostrelocate = .
                0x00000000                . = ALIGN (0x4)
                0x00000000                _epostrelocate = .

.bss            0x00300000       0x3c
                0x00300000                _szero = .
 *(.bss)
 .bss           0x00300000        0x1 obj/at45.o
                0x00300004                . = ALIGN (0x4)
 *fill*         0x00300001        0x3 00
                0x00300004                _ezero = .
 COMMON         0x00300004       0x38 obj/BootAT45.o
                0x00300004                spid
                0x00300014                at45
                0x00304000                _sstack = 0x304000
                0x0030003c                end = .
OUTPUT(bin/boot-lux-sf9g-dataflash2sdram.elf elf32-littlearm)

.ARM.attributes
                0x00000000       0x28
 .ARM.attributes
                0x00000000       0x1c obj/board_cstartup.o
 .ARM.attributes
                0x0000001c       0x1c obj/cp15_asm_gcc.o
 .ARM.attributes
                0x00000038       0x2c obj/main.o
 .ARM.attributes
                0x00000064       0x2c obj/pio.o
 .ARM.attributes
                0x00000090       0x2c obj/aic.o
 .ARM.attributes
                0x000000bc       0x2c obj/board_memories.o
 .ARM.attributes
                0x000000e8       0x2c obj/board_lowlevel.o
 .ARM.attributes
                0x00000114       0x2c obj/stdio.o
 .ARM.attributes
                0x00000140       0x2c obj/string.o
 .ARM.attributes
                0x0000016c       0x2c obj/dbgu.o
 .ARM.attributes
                0x00000198       0x2c obj/trace.o
 .ARM.attributes
                0x000001c4       0x2c obj/BootAT45.o
 .ARM.attributes
                0x000001f0       0x2c obj/spid.o
 .ARM.attributes
                0x0000021c       0x2c obj/at45.o
 .ARM.attributes
                0x00000248       0x2c obj/at45d.o
 .ARM.attributes
                0x00000274       0x2c obj/math.o
 .ARM.attributes
                0x000002a0       0x2c obj/cp15.o
 .ARM.attributes
                0x000002cc       0x18 /home/davidp/tools/arm-2011.03/bin/../lib/gcc/arm-none-eabi/4.5.2/libgcc.a(_thumb1_case_uqi.o)
 .ARM.attributes
                0x000002e4       0x1a /home/davidp/tools/arm-2011.03/bin/../lib/gcc/arm-none-eabi/4.5.2/libgcc.a(_udivsi3.o)
 .ARM.attributes
                0x000002fe       0x18 /home/davidp/tools/arm-2011.03/bin/../lib/gcc/arm-none-eabi/4.5.2/libgcc.a(_dvmd_tls.o)

.comment        0x00000000       0x2a
 .comment       0x00000000       0x2a obj/main.o
                                 0x2b (size before relaxing)
 .comment       0x00000000       0x2b obj/pio.o
 .comment       0x00000000       0x2b obj/aic.o
 .comment       0x00000000       0x2b obj/board_memories.o
 .comment       0x00000000       0x2b obj/board_lowlevel.o
 .comment       0x00000000       0x2b obj/stdio.o
 .comment       0x00000000       0x2b obj/string.o
 .comment       0x00000000       0x2b obj/dbgu.o
 .comment       0x00000000       0x2b obj/trace.o
 .comment       0x00000000       0x2b obj/BootAT45.o
 .comment       0x00000000       0x2b obj/spid.o
 .comment       0x00000000       0x2b obj/at45.o
 .comment       0x00000000       0x2b obj/at45d.o
 .comment       0x00000000       0x2b obj/math.o
 .comment       0x00000000       0x2b obj/cp15.o

.debug_line     0x00000000     0x1a05
 .debug_line    0x00000000       0xa6 obj/board_cstartup.o
 .debug_line    0x000000a6      0x30d obj/cp15_asm_gcc.o
 .debug_line    0x000003b3       0xc8 obj/main.o
 .debug_line    0x0000047b      0x135 obj/pio.o
 .debug_line    0x000005b0       0xb7 obj/aic.o
 .debug_line    0x00000667      0x1eb obj/board_memories.o
 .debug_line    0x00000852      0x105 obj/board_lowlevel.o
 .debug_line    0x00000957      0x395 obj/stdio.o
 .debug_line    0x00000cec      0x209 obj/string.o
 .debug_line    0x00000ef5       0xde obj/dbgu.o
 .debug_line    0x00000fd3      0x30c obj/trace.o
 .debug_line    0x000012df      0x130 obj/BootAT45.o
 .debug_line    0x0000140f      0x120 obj/spid.o
 .debug_line    0x0000152f      0x160 obj/at45.o
 .debug_line    0x0000168f      0x1b9 obj/at45d.o
 .debug_line    0x00001848       0x79 obj/math.o
 .debug_line    0x000018c1      0x144 obj/cp15.o

.debug_info     0x00000000     0x5ed7
 .debug_info    0x00000000       0x91 obj/board_cstartup.o
 .debug_info    0x00000091       0x90 obj/cp15_asm_gcc.o
 .debug_info    0x00000121      0x53f obj/main.o
 .debug_info    0x00000660      0x77c obj/pio.o
 .debug_info    0x00000ddc      0x271 obj/aic.o
 .debug_info    0x0000104d      0xaa3 obj/board_memories.o
 .debug_info    0x00001af0      0x4b8 obj/board_lowlevel.o
 .debug_info    0x00001fa8      0xedb obj/stdio.o
 .debug_info    0x00002e83      0x36f obj/string.o
 .debug_info    0x000031f2      0x297 obj/dbgu.o
 .debug_info    0x00003489      0xc0b obj/trace.o
 .debug_info    0x00004094      0x877 obj/BootAT45.o
 .debug_info    0x0000490b      0x627 obj/spid.o
 .debug_info    0x00004f32      0x605 obj/at45.o
 .debug_info    0x00005537      0x602 obj/at45d.o
 .debug_info    0x00005b39      0x11e obj/math.o
 .debug_info    0x00005c57      0x280 obj/cp15.o

.debug_abbrev   0x00000000     0x1429
 .debug_abbrev  0x00000000       0x12 obj/board_cstartup.o
 .debug_abbrev  0x00000012       0x12 obj/cp15_asm_gcc.o
 .debug_abbrev  0x00000024      0x1a2 obj/main.o
 .debug_abbrev  0x000001c6      0x18b obj/pio.o
 .debug_abbrev  0x00000351       0xd6 obj/aic.o
 .debug_abbrev  0x00000427      0x16c obj/board_memories.o
 .debug_abbrev  0x00000593       0xb8 obj/board_lowlevel.o
 .debug_abbrev  0x0000064b      0x2ac obj/stdio.o
 .debug_abbrev  0x000008f7       0xee obj/string.o
 .debug_abbrev  0x000009e5       0xe0 obj/dbgu.o
 .debug_abbrev  0x00000ac5      0x22f obj/trace.o
 .debug_abbrev  0x00000cf4      0x19b obj/BootAT45.o
 .debug_abbrev  0x00000e8f      0x18d obj/spid.o
 .debug_abbrev  0x0000101c      0x151 obj/at45.o
 .debug_abbrev  0x0000116d      0x165 obj/at45d.o
 .debug_abbrev  0x000012d2       0xa2 obj/math.o
 .debug_abbrev  0x00001374       0xb5 obj/cp15.o

.debug_aranges  0x00000000      0x5a0
 .debug_aranges
                0x00000000       0x28 obj/board_cstartup.o
 .debug_aranges
                0x00000028      0x138 obj/cp15_asm_gcc.o
 .debug_aranges
                0x00000160       0x20 obj/main.o
 .debug_aranges
                0x00000180       0x40 obj/pio.o
 .debug_aranges
                0x000001c0       0x30 obj/aic.o
 .debug_aranges
                0x000001f0       0x58 obj/board_memories.o
 .debug_aranges
                0x00000248       0x38 obj/board_lowlevel.o
 .debug_aranges
                0x00000280       0x88 obj/stdio.o
 .debug_aranges
                0x00000308       0x58 obj/string.o
 .debug_aranges
                0x00000360       0x38 obj/dbgu.o
 .debug_aranges
                0x00000398       0x60 obj/trace.o
 .debug_aranges
                0x000003f8       0x30 obj/BootAT45.o
 .debug_aranges
                0x00000428       0x40 obj/spid.o
 .debug_aranges
                0x00000468       0x40 obj/at45.o
 .debug_aranges
                0x000004a8       0x50 obj/at45d.o
 .debug_aranges
                0x000004f8       0x30 obj/math.o
 .debug_aranges
                0x00000528       0x78 obj/cp15.o

.debug_ranges   0x00000000      0x4b8
 .debug_ranges  0x00000000       0x20 obj/board_cstartup.o
 .debug_ranges  0x00000020      0x130 obj/cp15_asm_gcc.o
 .debug_ranges  0x00000150       0x28 obj/main.o
 .debug_ranges  0x00000178       0x30 obj/pio.o
 .debug_ranges  0x000001a8       0x20 obj/aic.o
 .debug_ranges  0x000001c8       0x48 obj/board_memories.o
 .debug_ranges  0x00000210       0x28 obj/board_lowlevel.o
 .debug_ranges  0x00000238       0x78 obj/stdio.o
 .debug_ranges  0x000002b0       0x48 obj/string.o
 .debug_ranges  0x000002f8       0x28 obj/dbgu.o
 .debug_ranges  0x00000320       0x50 obj/trace.o
 .debug_ranges  0x00000370       0x20 obj/BootAT45.o
 .debug_ranges  0x00000390       0x30 obj/spid.o
 .debug_ranges  0x000003c0       0x30 obj/at45.o
 .debug_ranges  0x000003f0       0x40 obj/at45d.o
 .debug_ranges  0x00000430       0x20 obj/math.o
 .debug_ranges  0x00000450       0x68 obj/cp15.o

.debug_loc      0x00000000     0x2806
 .debug_loc     0x00000000       0x2c obj/main.o
 .debug_loc     0x0000002c      0x1e4 obj/pio.o
 .debug_loc     0x00000210       0x66 obj/aic.o
 .debug_loc     0x00000276      0x1ea obj/board_memories.o
 .debug_loc     0x00000460       0xf4 obj/board_lowlevel.o
 .debug_loc     0x00000554      0x942 obj/stdio.o
 .debug_loc     0x00000e96      0x4c3 obj/string.o
 .debug_loc     0x00001359       0xb1 obj/dbgu.o
 .debug_loc     0x0000140a      0x51c obj/trace.o
 .debug_loc     0x00001926      0x1df obj/BootAT45.o
 .debug_loc     0x00001b05      0x19b obj/spid.o
 .debug_loc     0x00001ca0      0x325 obj/at45.o
 .debug_loc     0x00001fc5      0x418 obj/at45d.o
 .debug_loc     0x000023dd       0xf5 obj/math.o
 .debug_loc     0x000024d2      0x334 obj/cp15.o

.debug_pubnames
                0x00000000      0x768
 .debug_pubnames
                0x00000000       0x27 obj/main.o
 .debug_pubnames
                0x00000027       0x66 obj/pio.o
 .debug_pubnames
                0x0000008d       0x49 obj/aic.o
 .debug_pubnames
                0x000000d6       0xeb obj/board_memories.o
 .debug_pubnames
                0x000001c1       0x6a obj/board_lowlevel.o
 .debug_pubnames
                0x0000022b       0xdf obj/stdio.o
 .debug_pubnames
                0x0000030a       0x6d obj/string.o
 .debug_pubnames
                0x00000377       0x5a obj/dbgu.o
 .debug_pubnames
                0x000003d1       0x9f obj/trace.o
 .debug_pubnames
                0x00000470       0x52 obj/BootAT45.o
 .debug_pubnames
                0x000004c2       0x70 obj/spid.o
 .debug_pubnames
                0x00000532       0x70 obj/at45.o
 .debug_pubnames
                0x000005a2       0x7e obj/at45d.o
 .debug_pubnames
                0x00000620       0x2d obj/math.o
 .debug_pubnames
                0x0000064d      0x11b obj/cp15.o

.debug_pubtypes
                0x00000000      0x73e
 .debug_pubtypes
                0x00000000       0x7b obj/main.o
 .debug_pubtypes
                0x0000007b       0x55 obj/pio.o
 .debug_pubtypes
                0x000000d0       0x30 obj/aic.o
 .debug_pubtypes
                0x00000100       0xcc obj/board_memories.o
 .debug_pubtypes
                0x000001cc       0x8e obj/board_lowlevel.o
 .debug_pubtypes
                0x0000025a      0x11e obj/stdio.o
 .debug_pubtypes
                0x00000378       0x1d obj/string.o
 .debug_pubtypes
                0x00000395       0x32 obj/dbgu.o
 .debug_pubtypes
                0x000003c7       0xe6 obj/trace.o
 .debug_pubtypes
                0x000004ad       0xdf obj/BootAT45.o
 .debug_pubtypes
                0x0000058c       0x80 obj/spid.o
 .debug_pubtypes
                0x0000060c       0x87 obj/at45.o
 .debug_pubtypes
                0x00000693       0x87 obj/at45d.o
 .debug_pubtypes
                0x0000071a       0x12 obj/math.o
 .debug_pubtypes
                0x0000072c       0x12 obj/cp15.o

.debug_str      0x00000000     0x174c
 .debug_str     0x00000000      0x29d obj/main.o
                                0x2f2 (size before relaxing)
 .debug_str     0x0000029d      0x188 obj/pio.o
                                0x35a (size before relaxing)
 .debug_str     0x00000425      0x110 obj/aic.o
                                0x17d (size before relaxing)
 .debug_str     0x00000535      0x4b0 obj/board_memories.o
                                0x696 (size before relaxing)
 .debug_str     0x000009e5       0xf4 obj/board_lowlevel.o
                                0x2eb (size before relaxing)
 .debug_str     0x00000ad9      0x487 obj/stdio.o
                                0x5b5 (size before relaxing)
 .debug_str     0x00000f60       0xdf obj/string.o
                                0x1de (size before relaxing)
 .debug_str     0x0000103f      0x14a obj/dbgu.o
                                0x1ca (size before relaxing)
 .debug_str     0x00001189       0xb9 obj/trace.o
                                0x575 (size before relaxing)
 .debug_str     0x00001242      0x206 obj/BootAT45.o
                                0x493 (size before relaxing)
 .debug_str     0x00001448       0x8d obj/spid.o
                                0x321 (size before relaxing)
 .debug_str     0x000014d5       0xa9 obj/at45.o
                                0x343 (size before relaxing)
 .debug_str     0x0000157e       0x98 obj/at45d.o
                                0x33c (size before relaxing)
 .debug_str     0x00001616       0x25 obj/math.o
                                0x107 (size before relaxing)
 .debug_str     0x0000163b      0x111 obj/cp15.o
                                0x1e6 (size before relaxing)

.debug_frame    0x00000000      0xa0c
 .debug_frame   0x00000000       0x2c obj/main.o
 .debug_frame   0x0000002c       0x78 obj/pio.o
 .debug_frame   0x000000a4       0x4c obj/aic.o
 .debug_frame   0x000000f0       0xc8 obj/board_memories.o
 .debug_frame   0x000001b8       0x70 obj/board_lowlevel.o
 .debug_frame   0x00000228      0x1a0 obj/stdio.o
 .debug_frame   0x000003c8       0xd8 obj/string.o
 .debug_frame   0x000004a0       0x6c obj/dbgu.o
 .debug_frame   0x0000050c      0x114 obj/trace.o
 .debug_frame   0x00000620       0x64 obj/BootAT45.o
 .debug_frame   0x00000684       0x88 obj/spid.o
 .debug_frame   0x0000070c       0x94 obj/at45.o
 .debug_frame   0x000007a0       0xcc obj/at45d.o
 .debug_frame   0x0000086c       0x50 obj/math.o
 .debug_frame   0x000008bc      0x130 obj/cp15.o
 .debug_frame   0x000009ec       0x20 /home/davidp/tools/arm-2011.03/bin/../lib/gcc/arm-none-eabi/4.5.2/libgcc.a(_udivsi3.o)

Cross Reference Table

Symbol                                            File
AT45D_BinaryPage                                  obj/at45d.o
AT45D_Erase                                       obj/at45d.o
                                                  obj/BootAT45.o
AT45D_GetStatus                                   obj/at45d.o
                                                  obj/BootAT45.o
AT45D_Read                                        obj/at45d.o
                                                  obj/BootAT45.o
AT45D_WaitReady                                   obj/at45d.o
AT45D_Write                                       obj/at45d.o
AT45_Configure                                    obj/at45.o
                                                  obj/BootAT45.o
AT45_FindDevice                                   obj/at45.o
                                                  obj/BootAT45.o
AT45_IsBusy                                       obj/at45.o
                                                  obj/at45d.o
AT45_PageSize                                     obj/at45.o
                                                  obj/BootAT45.o
AT45_SendCommand                                  obj/at45.o
                                                  obj/at45d.o
BOARD_ConfigureNandFlash                          obj/board_memories.o
BOARD_ConfigureNandFlash48MHz                     obj/board_memories.o
BOARD_ConfigureNorFlash                           obj/board_memories.o
BOARD_ConfigureNorFlash48MHz                      obj/board_memories.o
BOARD_ConfigureSdram                              obj/board_memories.o
                                                  obj/main.o
BOARD_ConfigureSdram48MHz                         obj/board_memories.o
BOARD_RemapRam                                    obj/board_memories.o
                                                  obj/board_lowlevel.o
BOARD_RemapRom                                    obj/board_memories.o
BOOT_AT45_CopyBin                                 obj/BootAT45.o
                                                  obj/main.o
BOOT_AT45_EraseBoot                               obj/BootAT45.o
CP15_DisableDcache                                obj/cp15.o
CP15_DisableIcache                                obj/cp15.o
CP15_DisableMMU                                   obj/cp15.o
CP15_DrainWriteBuffer                             obj/cp15_asm_gcc.o
                                                  obj/cp15.o
CP15_EnableDcache                                 obj/cp15.o
CP15_EnableIcache                                 obj/cp15.o
                                                  obj/main.o
CP15_EnableMMU                                    obj/cp15.o
CP15_InvalidateDTLB                               obj/cp15_asm_gcc.o
CP15_InvalidateDTLBMVA                            obj/cp15_asm_gcc.o
CP15_InvalidateDcache                             obj/cp15_asm_gcc.o
                                                  obj/cp15.o
CP15_InvalidateIDcache                            obj/cp15_asm_gcc.o
CP15_InvalidateITLB                               obj/cp15_asm_gcc.o
CP15_InvalidateITLBMVA                            obj/cp15_asm_gcc.o
CP15_InvalidateIcache                             obj/cp15_asm_gcc.o
                                                  obj/cp15.o
CP15_InvalidateTLB                                obj/cp15_asm_gcc.o
                                                  obj/cp15.o
CP15_InvalidateTLBMVA                             obj/cp15_asm_gcc.o
CP15_IsDcacheEnabled                              obj/cp15.o
CP15_IsIcacheEnabled                              obj/cp15.o
CP15_IsMMUEnabled                                 obj/cp15.o
CP15_LockDcache                                   obj/cp15.o
CP15_LockIcache                                   obj/cp15.o
CP15_PrefetchIcacheLine                           obj/cp15_asm_gcc.o
CP15_ReaDcacheType                                obj/cp15_asm_gcc.o
CP15_ReadCacheType                                obj/cp15_asm_gcc.o
CP15_ReadControl                                  obj/cp15_asm_gcc.o
                                                  obj/cp15.o
CP15_ReadDFSR                                     obj/cp15_asm_gcc.o
CP15_ReadDcacheLockdown                           obj/cp15_asm_gcc.o
                                                  obj/cp15.o
CP15_ReadDomainAccessControl                      obj/cp15_asm_gcc.o
CP15_ReadFAR                                      obj/cp15_asm_gcc.o
CP15_ReadFCSE_PID                                 obj/cp15_asm_gcc.o
CP15_ReadID                                       obj/cp15_asm_gcc.o
CP15_ReadIFSR                                     obj/cp15_asm_gcc.o
CP15_ReadIcacheLockdown                           obj/cp15_asm_gcc.o
                                                  obj/cp15.o
CP15_ReadTCMStatus                                obj/cp15_asm_gcc.o
CP15_ReadTLBLockdown                              obj/cp15_asm_gcc.o
CP15_ReadTTB                                      obj/cp15_asm_gcc.o
CP15_ShutdownDcache                               obj/cp15.o
CP15_TestCleanInvalidateDcache                    obj/cp15_asm_gcc.o
                                                  obj/cp15.o
CP15_WaitForInterrupt                             obj/cp15_asm_gcc.o
CP15_WriteControl                                 obj/cp15_asm_gcc.o
                                                  obj/cp15.o
CP15_WriteDcacheLockdown                          obj/cp15_asm_gcc.o
                                                  obj/cp15.o
CP15_WriteDomainAccessControl                     obj/cp15_asm_gcc.o
CP15_WriteFCSE_PID                                obj/cp15_asm_gcc.o
CP15_WriteIFSR                                    obj/cp15_asm_gcc.o
CP15_WriteIcacheLockdown                          obj/cp15_asm_gcc.o
                                                  obj/cp15.o
CP15_WriteTLBLockdown                             obj/cp15_asm_gcc.o
CP15_WriteTTB                                     obj/cp15_asm_gcc.o
CP15_writeDFSR                                    obj/cp15_asm_gcc.o
CP15_writeFAR                                     obj/cp15_asm_gcc.o
DBGU_Configure                                    obj/dbgu.o
                                                  obj/main.o
DBGU_GetChar                                      obj/dbgu.o
                                                  obj/trace.o
DBGU_IsRxReady                                    obj/dbgu.o
DBGU_PutChar                                      obj/dbgu.o
                                                  obj/trace.o
IRQ_ConfigureIT                                   obj/aic.o
IRQ_DisableIT                                     obj/aic.o
IRQ_EnableIT                                      obj/aic.o
LowLevelInit                                      obj/board_lowlevel.o
                                                  obj/board_cstartup.o
PIO_Clear                                         obj/pio.o
PIO_Configure                                     obj/pio.o
                                                  obj/BootAT45.o
                                                  obj/board_memories.o
                                                  obj/main.o
PIO_Get                                           obj/pio.o
PIO_GetOutputDataStatus                           obj/pio.o
PIO_Set                                           obj/pio.o
PutChar                                           obj/stdio.o
PutHexa                                           obj/stdio.o
PutSignedInt                                      obj/stdio.o
PutString                                         obj/stdio.o
PutUnsignedInt                                    obj/stdio.o
SPID_Configure                                    obj/spid.o
                                                  obj/BootAT45.o
SPID_ConfigureCS                                  obj/spid.o
                                                  obj/BootAT45.o
SPID_Handler                                      obj/spid.o
                                                  obj/at45d.o
SPID_IsBusy                                       obj/spid.o
                                                  obj/at45.o
SPID_SendCommand                                  obj/spid.o
                                                  obj/at45.o
TRACE_DumpFrame                                   obj/trace.o
TRACE_DumpMemory                                  obj/trace.o
TRACE_GetHexa32                                   obj/trace.o
TRACE_GetInteger                                  obj/trace.o
TRACE_GetIntegerMinMax                            obj/trace.o
__aeabi_idiv0                                     /home/davidp/tools/arm-2011.03/bin/../lib/gcc/arm-none-eabi/4.5.2/libgcc.a(_dvmd_tls.o)
                                                  /home/davidp/tools/arm-2011.03/bin/../lib/gcc/arm-none-eabi/4.5.2/libgcc.a(_udivsi3.o)
__aeabi_ldiv0                                     /home/davidp/tools/arm-2011.03/bin/../lib/gcc/arm-none-eabi/4.5.2/libgcc.a(_dvmd_tls.o)
__aeabi_uidiv                                     /home/davidp/tools/arm-2011.03/bin/../lib/gcc/arm-none-eabi/4.5.2/libgcc.a(_udivsi3.o)
                                                  obj/at45.o
                                                  obj/dbgu.o
                                                  obj/stdio.o
__aeabi_uidivmod                                  /home/davidp/tools/arm-2011.03/bin/../lib/gcc/arm-none-eabi/4.5.2/libgcc.a(_udivsi3.o)
                                                  obj/at45.o
                                                  obj/stdio.o
__gnu_thumb1_case_uqi                             /home/davidp/tools/arm-2011.03/bin/../lib/gcc/arm-none-eabi/4.5.2/libgcc.a(_thumb1_case_uqi.o)
                                                  obj/pio.o
__udivsi3                                         /home/davidp/tools/arm-2011.03/bin/../lib/gcc/arm-none-eabi/4.5.2/libgcc.a(_udivsi3.o)
_efixed                                           obj/board_cstartup.o
_epostrelocate                                    obj/board_cstartup.o
_eprerelocate                                     obj/board_cstartup.o
_ezero                                            obj/board_cstartup.o
_impure_ptr                                       obj/stdio.o
                                                  obj/trace.o
_spostrelocate                                    obj/board_cstartup.o
_sprerelocate                                     obj/board_cstartup.o
_sstack                                           obj/board_cstartup.o
_szero                                            obj/board_cstartup.o
absv                                              obj/math.o
at45                                              obj/BootAT45.o
defaultFiqHandler                                 obj/board_lowlevel.o
defaultIrqHandler                                 obj/board_lowlevel.o
defaultSpuriousHandler                            obj/board_lowlevel.o
entry                                             obj/board_cstartup.o
fprintf                                           obj/stdio.o
fputc                                             obj/trace.o
fputs                                             obj/trace.o
                                                  obj/stdio.o
main                                              obj/main.o
                                                  obj/board_cstartup.o
memcpy                                            obj/string.o
                                                  obj/at45d.o
                                                  obj/stdio.o
memset                                            obj/string.o
min                                               obj/math.o
power                                             obj/math.o
printf                                            obj/stdio.o
                                                  obj/at45d.o
                                                  obj/at45.o
                                                  obj/trace.o
putchar                                           obj/trace.o
puts                                              obj/stdio.o
r                                                 obj/stdio.o
snprintf                                          obj/stdio.o
spid                                              obj/BootAT45.o
sprintf                                           obj/stdio.o
strchr                                            obj/string.o
strcpy                                            obj/string.o
strlen                                            obj/string.o
strncmp                                           obj/string.o
strncpy                                           obj/string.o
strrchr                                           obj/string.o
tabDesc                                           obj/main.o
vfprintf                                          obj/stdio.o
vprintf                                           obj/stdio.o
vsnprintf                                         obj/stdio.o
vsprintf                                          obj/stdio.o
